// Jest Snapshot v1, https://goo.gl/fbAQLP

exports[`should render AddDreamPage correctly 1`] = `
<div>
  <h1>
    Add Dream
  </h1>
  <DreamForm
    onSubmit={[Function]}
  />
</div>
`;
