// Jest Snapshot v1, https://goo.gl/fbAQLP

exports[`should render DreamsPage correctly 1`] = `
<div>
  <Connect(DreamListFilters) />
  <Connect(DreamList) />
</div>
`;
